** Drc report for SupaClock_Carrier.kicad_pcb **
** Created on 2026-05-12T12:31:26-0400 **
** Report includes: Errors **

** Found 86 DRC violations **
[solder_mask_bridge]: Front solder mask aperture bridges items with different nets
    Rule: board setup solder mask min width; error
    @(65.6200 mm, 70.9200 mm): PTH pad 13 [/GND] of U1
    @(65.5300 mm, 71.3300 mm): PTH pad 3 [/SPI_SCK] of J7
[solder_mask_bridge]: Rear solder mask aperture bridges items with different nets
    Rule: board setup solder mask min width; error
    @(65.6200 mm, 70.9200 mm): PTH pad 13 [/GND] of U1
    @(65.5300 mm, 71.3300 mm): PTH pad 3 [/SPI_SCK] of J7
[solder_mask_bridge]: Front solder mask aperture bridges items with different nets
    Rule: board setup solder mask min width; error
    @(66.4550 mm, 70.9200 mm): Pad 13 [/GND] of U1 on F.Cu
    @(65.5300 mm, 71.3300 mm): PTH pad 3 [/SPI_SCK] of J7
[solder_mask_bridge]: Front solder mask aperture bridges items with different nets
    Rule: board setup solder mask min width; error
    @(66.4550 mm, 70.9200 mm): Pad 13 [/GND] of U1 on F.Cu
    @(68.0700 mm, 71.3300 mm): PTH pad 2 [/+3V3] of J7
[solder_mask_bridge]: Front solder mask aperture bridges items with different nets
    Rule: board setup solder mask min width; error
    @(73.0000 mm, 63.0000 mm): Pad 1 [/+3V3] of R5 on F.Cu
    @(73.1500 mm, 62.6700 mm): PTH pad 1 [/GND] of J11
[solder_mask_bridge]: Front solder mask aperture bridges items with different nets
    Rule: board setup solder mask min width; error
    @(109.0000 mm, 87.5000 mm): PTH pad 1 [/ECG_RA] of J12_RA1
    @(107.1750 mm, 85.5100 mm): PTH pad 2 [/I2C_SCL] of J6b1
[solder_mask_bridge]: Front solder mask aperture bridges items with different nets
    Rule: board setup solder mask min width; error
    @(109.0000 mm, 87.5000 mm): PTH pad 1 [/ECG_RA] of J12_RA1
    @(107.1750 mm, 88.0500 mm): PTH pad 3 [unconnected-(J6b1-Pin_3-Pad3)] of J6b1
[solder_mask_bridge]: Rear solder mask aperture bridges items with different nets
    Rule: board setup solder mask min width; error
    @(109.0000 mm, 87.5000 mm): PTH pad 1 [/ECG_RA] of J12_RA1
    @(107.1750 mm, 85.5100 mm): PTH pad 2 [/I2C_SCL] of J6b1
[solder_mask_bridge]: Rear solder mask aperture bridges items with different nets
    Rule: board setup solder mask min width; error
    @(109.0000 mm, 87.5000 mm): PTH pad 1 [/ECG_RA] of J12_RA1
    @(107.1750 mm, 88.0500 mm): PTH pad 3 [unconnected-(J6b1-Pin_3-Pad3)] of J6b1
[drill_out_of_range]: Hole size out of range (board setup constraints min hole 1.0000 mm; actual 0.8890 mm)
    Rule: board setup constraints; error
    @(50.3800 mm, 68.3800 mm): PTH pad 1 [/ECG_OUT] of U1
[drill_out_of_range]: Hole size out of range (board setup constraints min hole 1.0000 mm; actual 0.8890 mm)
    Rule: board setup constraints; error
    @(50.3800 mm, 70.9200 mm): PTH pad 2 [/ECG_SDN] of U1
[drill_out_of_range]: Hole size out of range (board setup constraints min hole 1.0000 mm; actual 0.8890 mm)
    Rule: board setup constraints; error
    @(50.3800 mm, 73.4600 mm): PTH pad 3 [/BLK_PWM] of U1
[drill_out_of_range]: Hole size out of range (board setup constraints min hole 1.0000 mm; actual 0.8890 mm)
    Rule: board setup constraints; error
    @(50.3800 mm, 76.0000 mm): PTH pad 4 [/SPI_DC] of U1
[drill_out_of_range]: Hole size out of range (board setup constraints min hole 1.0000 mm; actual 0.8890 mm)
    Rule: board setup constraints; error
    @(50.3800 mm, 78.5400 mm): PTH pad 5 [/I2C_SDA] of U1
[drill_out_of_range]: Hole size out of range (board setup constraints min hole 1.0000 mm; actual 0.8890 mm)
    Rule: board setup constraints; error
    @(50.3800 mm, 81.0800 mm): PTH pad 6 [/I2C_SCL] of U1
[drill_out_of_range]: Hole size out of range (board setup constraints min hole 1.0000 mm; actual 0.8890 mm)
    Rule: board setup constraints; error
    @(50.3800 mm, 83.6200 mm): PTH pad 7 [/BTN_NEXT] of U1
[drill_out_of_range]: Hole size out of range (board setup constraints min hole 1.0000 mm; actual 0.8890 mm)
    Rule: board setup constraints; error
    @(65.6200 mm, 83.6200 mm): PTH pad 8 [/SPI_CS] of U1
[drill_out_of_range]: Hole size out of range (board setup constraints min hole 1.0000 mm; actual 0.8890 mm)
    Rule: board setup constraints; error
    @(65.6200 mm, 81.0800 mm): PTH pad 9 [/SPI_SCK] of U1
[drill_out_of_range]: Hole size out of range (board setup constraints min hole 1.0000 mm; actual 0.8890 mm)
    Rule: board setup constraints; error
    @(65.6200 mm, 78.5400 mm): PTH pad 10 [/BTN_SELECT] of U1
[drill_out_of_range]: Hole size out of range (board setup constraints min hole 1.0000 mm; actual 0.8890 mm)
    Rule: board setup constraints; error
    @(65.6200 mm, 76.0000 mm): PTH pad 11 [/SPI_MOSI] of U1
[drill_out_of_range]: Hole size out of range (board setup constraints min hole 1.0000 mm; actual 0.8890 mm)
    Rule: board setup constraints; error
    @(65.6200 mm, 73.4600 mm): PTH pad 12 [/+3V3] of U1
[drill_out_of_range]: Hole size out of range (board setup constraints min hole 1.0000 mm; actual 0.8890 mm)
    Rule: board setup constraints; error
    @(65.6200 mm, 70.9200 mm): PTH pad 13 [/GND] of U1
[drill_out_of_range]: Hole size out of range (board setup constraints min hole 1.0000 mm; actual 0.8890 mm)
    Rule: board setup constraints; error
    @(65.6200 mm, 68.3800 mm): PTH pad 14 [unconnected-(U1-VBUS-Pad14)] of U1
[hole_to_hole]: Drilled hole too close to other hole (board setup constraints min 0.7995 mm; actual 0.0000 mm)
    Rule: board setup constraints; error
    @(65.5300 mm, 71.3300 mm): PTH pad 3 [/SPI_SCK] of J7
    @(65.6200 mm, 70.9200 mm): PTH pad 13 [/GND] of U1
[hole_to_hole]: Drilled hole too close to other hole (board setup constraints min 0.7995 mm; actual 0.0000 mm)
    Rule: board setup constraints; error
    @(107.1750 mm, 88.0500 mm): PTH pad 3 [unconnected-(J6b1-Pin_3-Pad3)] of J6b1
    @(109.0000 mm, 87.5000 mm): PTH pad 1 [/ECG_RA] of J12_RA1
[hole_to_hole]: Drilled hole too close to other hole (board setup constraints min 0.7995 mm; actual 0.6001 mm)
    Rule: board setup constraints; error
    @(109.0000 mm, 87.5000 mm): PTH pad 1 [/ECG_RA] of J12_RA1
    @(107.1750 mm, 85.5100 mm): PTH pad 2 [/I2C_SCL] of J6b1
[copper_edge_clearance]: Board edge clearance violation (board setup constraints edge clearance 0.5000 mm; actual 0.3100 mm)
    Rule: board setup constraints edge; error
    @(46.0000 mm, 121.0000 mm): Segment on Edge.Cuts
    @(44.8400 mm, 91.0000 mm): PTH pad 2 [unconnected-(J5-Pin_2-Pad2)] of J5
[malformed_courtyard]: Footprint has malformed courtyard (not a closed shape)
    Local override; error
    @(79.5000 mm, 81.0000 mm): Footprint J3
[malformed_courtyard]: Footprint has malformed courtyard (not a closed shape)
    Local override; error
    @(79.5000 mm, 102.0000 mm): Footprint J14
[clearance]: Clearance violation ( clearance 0.4000 mm; actual 0.0750 mm)
    Local override; error
    @(104.9625 mm, 77.0000 mm): Pad 1 [/BTN_SELECT] of C4 on F.Cu
    @(104.6250 mm, 75.5500 mm): Pad 2 [/GND] of SW1 on F.Cu
[shorting_items]: Items shorting two nets (nets /GND and /SPI_SCK)
    Local override; error
    @(65.6200 mm, 70.9200 mm): PTH pad 13 [/GND] of U1
    @(65.5300 mm, 71.3300 mm): PTH pad 3 [/SPI_SCK] of J7
[shorting_items]: Items shorting two nets (nets /GND and /SPI_SCK)
    Local override; error
    @(66.4550 mm, 70.9200 mm): Pad 13 [/GND] of U1 on F.Cu
    @(65.5300 mm, 71.3300 mm): PTH pad 3 [/SPI_SCK] of J7
[shorting_items]: Items shorting two nets (nets /GND and /+3V3)
    Local override; error
    @(66.4550 mm, 70.9200 mm): Pad 13 [/GND] of U1 on F.Cu
    @(68.0700 mm, 71.3300 mm): PTH pad 2 [/+3V3] of J7
[shorting_items]: Items shorting two nets (nets /+3V3 and /GND)
    Local override; error
    @(73.0000 mm, 63.0000 mm): Pad 1 [/+3V3] of R5 on F.Cu
    @(73.1500 mm, 62.6700 mm): PTH pad 1 [/GND] of J11
[clearance]: Clearance violation ( clearance 0.4000 mm; actual 0.1000 mm)
    Local override; error
    @(104.6250 mm, 75.5500 mm): Pad 2 [/GND] of SW1 on F.Cu
    @(105.0000 mm, 77.0000 mm): Pad 2 [/BTN_SELECT] of R3 on F.Cu
[shorting_items]: Items shorting two nets (nets /ECG_RA and /I2C_SCL)
    Local override; error
    @(109.0000 mm, 87.5000 mm): PTH pad 1 [/ECG_RA] of J12_RA1
    @(107.1750 mm, 85.5100 mm): PTH pad 2 [/I2C_SCL] of J6b1
[shorting_items]: Items shorting two nets (nets /ECG_RA and unconnected-(J6b1-Pin_3-Pad3))
    Local override; error
    @(109.0000 mm, 87.5000 mm): PTH pad 1 [/ECG_RA] of J12_RA1
    @(107.1750 mm, 88.0500 mm): PTH pad 3 [unconnected-(J6b1-Pin_3-Pad3)] of J6b1
[clearance]: Clearance violation ( clearance 0.5000 mm; actual 0.3923 mm)
    Local override; error
    @(65.0375 mm, 111.0000 mm): Pad 2 [/GND] of C2 on F.Cu
    @(68.0000 mm, 114.0000 mm): PTH pad 1 [/ECG_LA] of J12_LA1
[annular_width]: Annular width (board setup constraints min annular width 0.4000 mm; actual 0.3138 mm)
    Rule: board setup constraints; error
    @(50.3800 mm, 68.3800 mm): PTH pad 1 [/ECG_OUT] of U1
[annular_width]: Annular width (board setup constraints min annular width 0.4000 mm; actual 0.3138 mm)
    Rule: board setup constraints; error
    @(50.3800 mm, 70.9200 mm): PTH pad 2 [/ECG_SDN] of U1
[annular_width]: Annular width (board setup constraints min annular width 0.4000 mm; actual 0.3138 mm)
    Rule: board setup constraints; error
    @(50.3800 mm, 73.4600 mm): PTH pad 3 [/BLK_PWM] of U1
[annular_width]: Annular width (board setup constraints min annular width 0.4000 mm; actual 0.3138 mm)
    Rule: board setup constraints; error
    @(50.3800 mm, 76.0000 mm): PTH pad 4 [/SPI_DC] of U1
[annular_width]: Annular width (board setup constraints min annular width 0.4000 mm; actual 0.3138 mm)
    Rule: board setup constraints; error
    @(50.3800 mm, 78.5400 mm): PTH pad 5 [/I2C_SDA] of U1
[annular_width]: Annular width (board setup constraints min annular width 0.4000 mm; actual 0.3138 mm)
    Rule: board setup constraints; error
    @(50.3800 mm, 81.0800 mm): PTH pad 6 [/I2C_SCL] of U1
[annular_width]: Annular width (board setup constraints min annular width 0.4000 mm; actual 0.3138 mm)
    Rule: board setup constraints; error
    @(50.3800 mm, 83.6200 mm): PTH pad 7 [/BTN_NEXT] of U1
[annular_width]: Annular width (board setup constraints min annular width 0.4000 mm; actual 0.3138 mm)
    Rule: board setup constraints; error
    @(65.6200 mm, 83.6200 mm): PTH pad 8 [/SPI_CS] of U1
[annular_width]: Annular width (board setup constraints min annular width 0.4000 mm; actual 0.3138 mm)
    Rule: board setup constraints; error
    @(65.6200 mm, 81.0800 mm): PTH pad 9 [/SPI_SCK] of U1
[annular_width]: Annular width (board setup constraints min annular width 0.4000 mm; actual 0.3138 mm)
    Rule: board setup constraints; error
    @(65.6200 mm, 78.5400 mm): PTH pad 10 [/BTN_SELECT] of U1
[annular_width]: Annular width (board setup constraints min annular width 0.4000 mm; actual 0.3138 mm)
    Rule: board setup constraints; error
    @(65.6200 mm, 76.0000 mm): PTH pad 11 [/SPI_MOSI] of U1
[annular_width]: Annular width (board setup constraints min annular width 0.4000 mm; actual 0.3138 mm)
    Rule: board setup constraints; error
    @(65.6200 mm, 73.4600 mm): PTH pad 12 [/+3V3] of U1
[annular_width]: Annular width (board setup constraints min annular width 0.4000 mm; actual 0.3138 mm)
    Rule: board setup constraints; error
    @(65.6200 mm, 70.9200 mm): PTH pad 13 [/GND] of U1
[annular_width]: Annular width (board setup constraints min annular width 0.4000 mm; actual 0.3138 mm)
    Rule: board setup constraints; error
    @(65.6200 mm, 68.3800 mm): PTH pad 14 [unconnected-(U1-VBUS-Pad14)] of U1
[annular_width]: Annular width (board setup constraints min annular width 0.4000 mm; actual 0.3500 mm)
    Rule: board setup constraints; error
    @(62.9900 mm, 48.7000 mm): PTH pad 1 [/ECG_RA] of J13
[annular_width]: Annular width (board setup constraints min annular width 0.4000 mm; actual 0.3500 mm)
    Rule: board setup constraints; error
    @(62.9900 mm, 46.1600 mm): PTH pad 2 [/ECG_LA] of J13
[annular_width]: Annular width (board setup constraints min annular width 0.4000 mm; actual 0.3500 mm)
    Rule: board setup constraints; error
    @(62.9900 mm, 43.6200 mm): PTH pad 3 [/ECG_RL] of J13
[annular_width]: Annular width (board setup constraints min annular width 0.4000 mm; actual 0.3500 mm)
    Rule: board setup constraints; error
    @(47.3800 mm, 91.0000 mm): PTH pad 1 [/+3V3] of J5
[annular_width]: Annular width (board setup constraints min annular width 0.4000 mm; actual 0.3500 mm)
    Rule: board setup constraints; error
    @(44.8400 mm, 91.0000 mm): PTH pad 2 [unconnected-(J5-Pin_2-Pad2)] of J5
[annular_width]: Annular width (board setup constraints min annular width 0.4000 mm; actual 0.3500 mm)
    Rule: board setup constraints; error
    @(42.3000 mm, 91.0000 mm): PTH pad 3 [/GND] of J5
[annular_width]: Annular width (board setup constraints min annular width 0.4000 mm; actual 0.3500 mm)
    Rule: board setup constraints; error
    @(39.7600 mm, 91.0000 mm): PTH pad 4 [/I2C_SCL] of J5
[annular_width]: Annular width (board setup constraints min annular width 0.4000 mm; actual 0.3500 mm)
    Rule: board setup constraints; error
    @(37.2200 mm, 91.0000 mm): PTH pad 5 [/I2C_SDA] of J5
[annular_width]: Annular width (board setup constraints min annular width 0.4000 mm; actual 0.3500 mm)
    Rule: board setup constraints; error
    @(34.6800 mm, 91.0000 mm): PTH pad 6 [/+3V3] of J5
[annular_width]: Annular width (board setup constraints min annular width 0.4000 mm; actual 0.3500 mm)
    Rule: board setup constraints; error
    @(32.1400 mm, 91.0000 mm): PTH pad 7 [/GND] of J5
[annular_width]: Annular width (board setup constraints min annular width 0.4000 mm; actual 0.3500 mm)
    Rule: board setup constraints; error
    @(100.7000 mm, 82.9700 mm): PTH pad 1 [/+3V3] of J6a1
[annular_width]: Annular width (board setup constraints min annular width 0.4000 mm; actual 0.3500 mm)
    Rule: board setup constraints; error
    @(100.7000 mm, 85.5100 mm): PTH pad 2 [/GND] of J6a1
[annular_width]: Annular width (board setup constraints min annular width 0.4000 mm; actual 0.3500 mm)
    Rule: board setup constraints; error
    @(100.7000 mm, 88.0500 mm): PTH pad 3 [unconnected-(J6a1-Pin_3-Pad3)] of J6a1
[annular_width]: Annular width (board setup constraints min annular width 0.4000 mm; actual 0.3500 mm)
    Rule: board setup constraints; error
    @(107.1750 mm, 82.9700 mm): PTH pad 1 [/I2C_SDA] of J6b1
[annular_width]: Annular width (board setup constraints min annular width 0.4000 mm; actual 0.3500 mm)
    Rule: board setup constraints; error
    @(107.1750 mm, 85.5100 mm): PTH pad 2 [/I2C_SCL] of J6b1
[annular_width]: Annular width (board setup constraints min annular width 0.4000 mm; actual 0.3500 mm)
    Rule: board setup constraints; error
    @(107.1750 mm, 88.0500 mm): PTH pad 3 [unconnected-(J6b1-Pin_3-Pad3)] of J6b1
[annular_width]: Annular width (board setup constraints min annular width 0.4000 mm; actual 0.3500 mm)
    Rule: board setup constraints; error
    @(73.1500 mm, 62.6700 mm): PTH pad 1 [/GND] of J11
[annular_width]: Annular width (board setup constraints min annular width 0.4000 mm; actual 0.3500 mm)
    Rule: board setup constraints; error
    @(70.6100 mm, 62.6700 mm): PTH pad 2 [/+3V3] of J11
[annular_width]: Annular width (board setup constraints min annular width 0.4000 mm; actual 0.3500 mm)
    Rule: board setup constraints; error
    @(68.0700 mm, 62.6700 mm): PTH pad 3 [/ECG_OUT] of J11
[annular_width]: Annular width (board setup constraints min annular width 0.4000 mm; actual 0.3500 mm)
    Rule: board setup constraints; error
    @(65.5300 mm, 62.6700 mm): PTH pad 4 [unconnected-(J11-Pin_4-Pad4)] of J11
[annular_width]: Annular width (board setup constraints min annular width 0.4000 mm; actual 0.3500 mm)
    Rule: board setup constraints; error
    @(62.9900 mm, 62.6700 mm): PTH pad 5 [unconnected-(J11-Pin_5-Pad5)] of J11
[annular_width]: Annular width (board setup constraints min annular width 0.4000 mm; actual 0.3500 mm)
    Rule: board setup constraints; error
    @(60.4500 mm, 62.6700 mm): PTH pad 6 [/ECG_SDN] of J11
[annular_width]: Annular width (board setup constraints min annular width 0.4000 mm; actual 0.3500 mm)
    Rule: board setup constraints; error
    @(56.7300 mm, 109.0000 mm): PTH pad 1 [/+BATT] of J15
[annular_width]: Annular width (board setup constraints min annular width 0.4000 mm; actual 0.3500 mm)
    Rule: board setup constraints; error
    @(54.1900 mm, 109.0000 mm): PTH pad 2 [/GND] of J15
[annular_width]: Annular width (board setup constraints min annular width 0.4000 mm; actual 0.3500 mm)
    Rule: board setup constraints; error
    @(70.6100 mm, 71.3300 mm): PTH pad 1 [/GND] of J7
[annular_width]: Annular width (board setup constraints min annular width 0.4000 mm; actual 0.3500 mm)
    Rule: board setup constraints; error
    @(68.0700 mm, 71.3300 mm): PTH pad 2 [/+3V3] of J7
[annular_width]: Annular width (board setup constraints min annular width 0.4000 mm; actual 0.3500 mm)
    Rule: board setup constraints; error
    @(65.5300 mm, 71.3300 mm): PTH pad 3 [/SPI_SCK] of J7
[annular_width]: Annular width (board setup constraints min annular width 0.4000 mm; actual 0.3500 mm)
    Rule: board setup constraints; error
    @(62.9900 mm, 71.3300 mm): PTH pad 4 [/SPI_MOSI] of J7
[annular_width]: Annular width (board setup constraints min annular width 0.4000 mm; actual 0.3500 mm)
    Rule: board setup constraints; error
    @(60.4500 mm, 71.3300 mm): PTH pad 5 [/+3V3] of J7
[annular_width]: Annular width (board setup constraints min annular width 0.4000 mm; actual 0.3500 mm)
    Rule: board setup constraints; error
    @(57.9100 mm, 71.3300 mm): PTH pad 6 [/SPI_DC] of J7
[annular_width]: Annular width (board setup constraints min annular width 0.4000 mm; actual 0.3500 mm)
    Rule: board setup constraints; error
    @(55.3700 mm, 71.3300 mm): PTH pad 7 [/SPI_CS] of J7
[annular_width]: Annular width (board setup constraints min annular width 0.4000 mm; actual 0.3500 mm)
    Rule: board setup constraints; error
    @(52.8300 mm, 71.3300 mm): PTH pad 8 [/BLK_PWM] of J7
[annular_width]: Annular width (board setup constraints min annular width 0.4000 mm; actual 0.3500 mm)
    Rule: board setup constraints; error
    @(104.0000 mm, 80.4300 mm): PTH pad 1 [/+BATT] of J6c1
[annular_width]: Annular width (board setup constraints min annular width 0.4000 mm; actual 0.3500 mm)
    Rule: board setup constraints; error
    @(101.4600 mm, 80.4300 mm): PTH pad 2 [/GND] of J6c1

** Found 65 unconnected pads **
[unconnected_items]: Missing connection between items
    Local override; error
    @(56.7300 mm, 109.0000 mm): PTH pad 1 [/+BATT] of J15
    @(62.9625 mm, 111.0000 mm): Pad 1 [/+BATT] of C2 on F.Cu
[unconnected_items]: Missing connection between items
    Local override; error
    @(62.9625 mm, 111.0000 mm): Pad 1 [/+BATT] of C2 on F.Cu
    @(104.0000 mm, 80.4300 mm): PTH pad 1 [/+BATT] of J6c1
[unconnected_items]: Missing connection between items
    Local override; error
    @(32.1400 mm, 91.0000 mm): PTH pad 7 [/GND] of J5
    @(42.3000 mm, 91.0000 mm): PTH pad 3 [/GND] of J5
[unconnected_items]: Missing connection between items
    Local override; error
    @(54.1900 mm, 109.0000 mm): PTH pad 2 [/GND] of J15
    @(65.0375 mm, 111.0000 mm): Pad 2 [/GND] of C2 on F.Cu
[unconnected_items]: Missing connection between items
    Local override; error
    @(54.1900 mm, 109.0000 mm): PTH pad 2 [/GND] of J15
    @(42.3000 mm, 91.0000 mm): PTH pad 3 [/GND] of J5
[unconnected_items]: Missing connection between items
    Local override; error
    @(66.4550 mm, 70.9200 mm): Pad 13 [/GND] of U1 on F.Cu
    @(70.6100 mm, 71.3300 mm): PTH pad 1 [/GND] of J7
[unconnected_items]: Missing connection between items
    Local override; error
    @(70.6100 mm, 71.3300 mm): PTH pad 1 [/GND] of J7
    @(73.1500 mm, 62.6700 mm): PTH pad 1 [/GND] of J11
[unconnected_items]: Missing connection between items
    Local override; error
    @(73.1500 mm, 109.0000 mm): Pad 2 [/GND] of J4 on B.Cu
    @(75.6900 mm, 103.0000 mm): Pad 4 [/GND] of J14 on B.Cu
[unconnected_items]: Missing connection between items
    Local override; error
    @(73.1500 mm, 109.0000 mm): Pad 2 [/GND] of J4 on B.Cu
    @(65.0375 mm, 111.0000 mm): Pad 2 [/GND] of C2 on F.Cu
[unconnected_items]: Missing connection between items
    Local override; error
    @(75.6900 mm, 80.0000 mm): Pad 1 [/GND] of J3 on B.Cu
    @(70.6100 mm, 71.3300 mm): PTH pad 1 [/GND] of J7
[unconnected_items]: Missing connection between items
    Local override; error
    @(75.6900 mm, 80.0000 mm): Pad 1 [/GND] of J3 on B.Cu
    @(75.6900 mm, 103.0000 mm): Pad 4 [/GND] of J14 on B.Cu
[unconnected_items]: Missing connection between items
    Local override; error
    @(80.0375 mm, 63.0000 mm): Pad 2 [/GND] of C6 on F.Cu
    @(73.1500 mm, 62.6700 mm): PTH pad 1 [/GND] of J11
[unconnected_items]: Missing connection between items
    Local override; error
    @(83.3100 mm, 109.0000 mm): Pad 6 [/GND] of J4 on B.Cu
    @(75.6900 mm, 103.0000 mm): Pad 4 [/GND] of J14 on B.Cu
[unconnected_items]: Missing connection between items
    Local override; error
    @(85.0375 mm, 63.0000 mm): Pad 2 [/GND] of C3 on F.Cu
    @(80.0375 mm, 63.0000 mm): Pad 2 [/GND] of C6 on F.Cu
[unconnected_items]: Missing connection between items
    Local override; error
    @(85.8500 mm, 109.0000 mm): Pad 7 [/GND] of J4 on B.Cu
    @(83.3100 mm, 109.0000 mm): Pad 6 [/GND] of J4 on B.Cu
[unconnected_items]: Missing connection between items
    Local override; error
    @(88.3900 mm, 109.0000 mm): Pad 8 [/GND] of J4 on B.Cu
    @(85.8500 mm, 109.0000 mm): Pad 7 [/GND] of J4 on B.Cu
[unconnected_items]: Missing connection between items
    Local override; error
    @(88.3900 mm, 109.0000 mm): Pad 8 [/GND] of J4 on B.Cu
    @(104.6250 mm, 102.5500 mm): Pad 2 [/GND] of SW2 on F.Cu
[unconnected_items]: Missing connection between items
    Local override; error
    @(101.4600 mm, 80.4300 mm): PTH pad 2 [/GND] of J6c1
    @(100.7000 mm, 85.5100 mm): PTH pad 2 [/GND] of J6a1
[unconnected_items]: Missing connection between items
    Local override; error
    @(104.6250 mm, 75.5500 mm): Pad 2 [/GND] of SW1 on F.Cu
    @(107.0375 mm, 77.0000 mm): Pad 2 [/GND] of C4 on F.Cu
[unconnected_items]: Missing connection between items
    Local override; error
    @(104.6250 mm, 75.5500 mm): Pad 2 [/GND] of SW1 on F.Cu
    @(101.4600 mm, 80.4300 mm): PTH pad 2 [/GND] of J6c1
[unconnected_items]: Missing connection between items
    Local override; error
    @(104.6250 mm, 102.5500 mm): Pad 2 [/GND] of SW2 on F.Cu
    @(107.0375 mm, 98.0000 mm): Pad 2 [/GND] of C5 on F.Cu
[unconnected_items]: Missing connection between items
    Local override; error
    @(107.0375 mm, 77.0000 mm): Pad 2 [/GND] of C4 on F.Cu
    @(111.3750 mm, 75.5500 mm): Pad 2 [/GND] of SW1 on F.Cu
[unconnected_items]: Missing connection between items
    Local override; error
    @(107.0375 mm, 98.0000 mm): Pad 2 [/GND] of C5 on F.Cu
    @(111.3750 mm, 102.5500 mm): Pad 2 [/GND] of SW2 on F.Cu
[unconnected_items]: Missing connection between items
    Local override; error
    @(107.0375 mm, 98.0000 mm): Pad 2 [/GND] of C5 on F.Cu
    @(100.7000 mm, 85.5100 mm): PTH pad 2 [/GND] of J6a1
[unconnected_items]: Missing connection between items
    Local override; error
    @(47.3800 mm, 91.0000 mm): PTH pad 1 [/+3V3] of J5
    @(34.6800 mm, 91.0000 mm): PTH pad 6 [/+3V3] of J5
[unconnected_items]: Missing connection between items
    Local override; error
    @(60.4500 mm, 71.3300 mm): PTH pad 5 [/+3V3] of J7
    @(65.6200 mm, 73.4600 mm): PTH pad 12 [/+3V3] of U1
[unconnected_items]: Missing connection between items
    Local override; error
    @(60.4500 mm, 71.3300 mm): PTH pad 5 [/+3V3] of J7
    @(47.3800 mm, 91.0000 mm): PTH pad 1 [/+3V3] of J5
[unconnected_items]: Missing connection between items
    Local override; error
    @(68.0700 mm, 71.3300 mm): PTH pad 2 [/+3V3] of J7
    @(66.4550 mm, 73.4600 mm): Pad 12 [/+3V3] of U1 on F.Cu
[unconnected_items]: Missing connection between items
    Local override; error
    @(70.6100 mm, 62.6700 mm): PTH pad 2 [/+3V3] of J11
    @(68.0700 mm, 71.3300 mm): PTH pad 2 [/+3V3] of J7
[unconnected_items]: Missing connection between items
    Local override; error
    @(70.6100 mm, 109.0000 mm): Pad 1 [/+3V3] of J4 on B.Cu
    @(83.3100 mm, 103.0000 mm): Pad 1 [/+3V3] of J14 on B.Cu
[unconnected_items]: Missing connection between items
    Local override; error
    @(73.0000 mm, 63.0000 mm): Pad 1 [/+3V3] of R5 on F.Cu
    @(70.6100 mm, 62.6700 mm): PTH pad 2 [/+3V3] of J11
[unconnected_items]: Missing connection between items
    Local override; error
    @(73.0000 mm, 63.0000 mm): Pad 1 [/+3V3] of R5 on F.Cu
    @(82.9625 mm, 63.0000 mm): Pad 1 [/+3V3] of C3 on F.Cu
[unconnected_items]: Missing connection between items
    Local override; error
    @(90.0000 mm, 76.0000 mm): Pad 1 [/+3V3] of R1 on F.Cu
    @(82.9625 mm, 63.0000 mm): Pad 1 [/+3V3] of C3 on F.Cu
[unconnected_items]: Missing connection between items
    Local override; error
    @(90.0000 mm, 79.0000 mm): Pad 1 [/+3V3] of R2 on F.Cu
    @(90.0000 mm, 76.0000 mm): Pad 1 [/+3V3] of R1 on F.Cu
[unconnected_items]: Missing connection between items
    Local override; error
    @(90.0000 mm, 79.0000 mm): Pad 1 [/+3V3] of R2 on F.Cu
    @(100.7000 mm, 82.9700 mm): PTH pad 1 [/+3V3] of J6a1
[unconnected_items]: Missing connection between items
    Local override; error
    @(103.0000 mm, 77.0000 mm): Pad 1 [/+3V3] of R3 on F.Cu
    @(100.7000 mm, 82.9700 mm): PTH pad 1 [/+3V3] of J6a1
[unconnected_items]: Missing connection between items
    Local override; error
    @(103.0000 mm, 98.0000 mm): Pad 1 [/+3V3] of R4 on F.Cu
    @(100.7000 mm, 82.9700 mm): PTH pad 1 [/+3V3] of J6a1
[unconnected_items]: Missing connection between items
    Local override; error
    @(103.0000 mm, 98.0000 mm): Pad 1 [/+3V3] of R4 on F.Cu
    @(83.3100 mm, 103.0000 mm): Pad 1 [/+3V3] of J14 on B.Cu
[unconnected_items]: Missing connection between items
    Local override; error
    @(104.6250 mm, 72.4500 mm): Pad 1 [/BTN_SELECT] of SW1 on F.Cu
    @(104.9625 mm, 77.0000 mm): Pad 1 [/BTN_SELECT] of C4 on F.Cu
[unconnected_items]: Missing connection between items
    Local override; error
    @(104.9625 mm, 77.0000 mm): Pad 1 [/BTN_SELECT] of C4 on F.Cu
    @(66.4550 mm, 78.5400 mm): Pad 10 [/BTN_SELECT] of U1 on F.Cu
[unconnected_items]: Missing connection between items
    Local override; error
    @(111.3750 mm, 72.4500 mm): Pad 1 [/BTN_SELECT] of SW1 on F.Cu
    @(104.6250 mm, 72.4500 mm): Pad 1 [/BTN_SELECT] of SW1 on F.Cu
[unconnected_items]: Missing connection between items
    Local override; error
    @(50.3800 mm, 83.6200 mm): PTH pad 7 [/BTN_NEXT] of U1
    @(104.9625 mm, 98.0000 mm): Pad 1 [/BTN_NEXT] of C5 on F.Cu
[unconnected_items]: Missing connection between items
    Local override; error
    @(104.9625 mm, 98.0000 mm): Pad 1 [/BTN_NEXT] of C5 on F.Cu
    @(104.6250 mm, 99.4500 mm): Pad 1 [/BTN_NEXT] of SW2 on F.Cu
[unconnected_items]: Missing connection between items
    Local override; error
    @(111.3750 mm, 99.4500 mm): Pad 1 [/BTN_NEXT] of SW2 on F.Cu
    @(105.0000 mm, 98.0000 mm): Pad 2 [/BTN_NEXT] of R4 on F.Cu
[unconnected_items]: Missing connection between items
    Local override; error
    @(49.5450 mm, 81.0800 mm): Pad 6 [/I2C_SCL] of U1 on F.Cu
    @(39.7600 mm, 91.0000 mm): PTH pad 4 [/I2C_SCL] of J5
[unconnected_items]: Missing connection between items
    Local override; error
    @(78.2300 mm, 103.0000 mm): Pad 3 [/I2C_SCL] of J14 on B.Cu
    @(50.3800 mm, 81.0800 mm): PTH pad 6 [/I2C_SCL] of U1
[unconnected_items]: Missing connection between items
    Local override; error
    @(78.2300 mm, 109.0000 mm): Pad 4 [/I2C_SCL] of J4 on B.Cu
    @(78.2300 mm, 103.0000 mm): Pad 3 [/I2C_SCL] of J14 on B.Cu
[unconnected_items]: Missing connection between items
    Local override; error
    @(92.0000 mm, 79.0000 mm): Pad 2 [/I2C_SCL] of R2 on F.Cu
    @(78.2300 mm, 103.0000 mm): Pad 3 [/I2C_SCL] of J14 on B.Cu
[unconnected_items]: Missing connection between items
    Local override; error
    @(107.1750 mm, 85.5100 mm): PTH pad 2 [/I2C_SCL] of J6b1
    @(92.0000 mm, 79.0000 mm): Pad 2 [/I2C_SCL] of R2 on F.Cu
[unconnected_items]: Missing connection between items
    Local override; error
    @(49.5450 mm, 78.5400 mm): Pad 5 [/I2C_SDA] of U1 on F.Cu
    @(37.2200 mm, 91.0000 mm): PTH pad 5 [/I2C_SDA] of J5
[unconnected_items]: Missing connection between items
    Local override; error
    @(50.3800 mm, 78.5400 mm): PTH pad 5 [/I2C_SDA] of U1
    @(80.7700 mm, 103.0000 mm): Pad 2 [/I2C_SDA] of J14 on B.Cu
[unconnected_items]: Missing connection between items
    Local override; error
    @(75.6900 mm, 109.0000 mm): Pad 3 [/I2C_SDA] of J4 on B.Cu
    @(80.7700 mm, 103.0000 mm): Pad 2 [/I2C_SDA] of J14 on B.Cu
[unconnected_items]: Missing connection between items
    Local override; error
    @(92.0000 mm, 76.0000 mm): Pad 2 [/I2C_SDA] of R1 on F.Cu
    @(80.7700 mm, 103.0000 mm): Pad 2 [/I2C_SDA] of J14 on B.Cu
[unconnected_items]: Missing connection between items
    Local override; error
    @(107.1750 mm, 82.9700 mm): PTH pad 1 [/I2C_SDA] of J6b1
    @(92.0000 mm, 76.0000 mm): Pad 2 [/I2C_SDA] of R1 on F.Cu
[unconnected_items]: Missing connection between items
    Local override; error
    @(55.3700 mm, 71.3300 mm): PTH pad 7 [/SPI_CS] of J7
    @(65.6200 mm, 83.6200 mm): PTH pad 8 [/SPI_CS] of U1
[unconnected_items]: Missing connection between items
    Local override; error
    @(65.5300 mm, 71.3300 mm): PTH pad 3 [/SPI_SCK] of J7
    @(65.6200 mm, 81.0800 mm): PTH pad 9 [/SPI_SCK] of U1
[unconnected_items]: Missing connection between items
    Local override; error
    @(62.9900 mm, 71.3300 mm): PTH pad 4 [/SPI_MOSI] of J7
    @(65.6200 mm, 76.0000 mm): PTH pad 11 [/SPI_MOSI] of U1
[unconnected_items]: Missing connection between items
    Local override; error
    @(50.3800 mm, 76.0000 mm): PTH pad 4 [/SPI_DC] of U1
    @(57.9100 mm, 71.3300 mm): PTH pad 6 [/SPI_DC] of J7
[unconnected_items]: Missing connection between items
    Local override; error
    @(50.3800 mm, 73.4600 mm): PTH pad 3 [/BLK_PWM] of U1
    @(52.8300 mm, 71.3300 mm): PTH pad 8 [/BLK_PWM] of J7
[unconnected_items]: Missing connection between items
    Local override; error
    @(50.3800 mm, 70.9200 mm): PTH pad 2 [/ECG_SDN] of U1
    @(60.4500 mm, 62.6700 mm): PTH pad 6 [/ECG_SDN] of J11
[unconnected_items]: Missing connection between items
    Local override; error
    @(50.3800 mm, 68.3800 mm): PTH pad 1 [/ECG_OUT] of U1
    @(68.0700 mm, 62.6700 mm): PTH pad 3 [/ECG_OUT] of J11
[unconnected_items]: Missing connection between items
    Local override; error
    @(62.9900 mm, 43.6200 mm): PTH pad 3 [/ECG_RL] of J13
    @(91.0000 mm, 114.0000 mm): PTH pad 1 [/ECG_RL] of J12_RL1
[unconnected_items]: Missing connection between items
    Local override; error
    @(62.9900 mm, 46.1600 mm): PTH pad 2 [/ECG_LA] of J13
    @(68.0000 mm, 114.0000 mm): PTH pad 1 [/ECG_LA] of J12_LA1
[unconnected_items]: Missing connection between items
    Local override; error
    @(62.9900 mm, 48.7000 mm): PTH pad 1 [/ECG_RA] of J13
    @(109.0000 mm, 87.5000 mm): PTH pad 1 [/ECG_RA] of J12_RA1
[unconnected_items]: Missing connection between items
    Local override; error
    @(75.0000 mm, 63.0000 mm): Pad 2 [/SPI_RES] of R5 on F.Cu
    @(77.9625 mm, 63.0000 mm): Pad 1 [/SPI_RES] of C6 on F.Cu

** Found 0 Footprint errors **

** End of Report **
